


ARM Macro Assembler    Page 1 


    1 00000000         ;Simple Keil tools demonstration program
    2 00000000         ;Modified from J.R. Gibson (7/14/07)
    3 00000000         ;Modified by D. Egbert ver. 2.0 1/28/10
    4 00000000         ;
    5 00000000                 AREA             Assembly1, CODE, READONLY
    6 00000000                 EXPORT           __main
    7 00000000         __main
    8 00000000                 ENTRY
    9 00000000 E59F3014 
                       mystart LDR              r3,= 0x40001000 ;point to RAM l
                                                            ocation
   10 00000004         ;
   11 00000004         ;*******************************************************
                       *****************
   12 00000004         ; For other programs (projects) replace the code below w
                       ith new code.
   13 00000004         ; Leave the code outside the ******* lines as is for all
                        programs.
   14 00000004         ; begin initialize data
   15 00000004         
   16 00000004 E3A0407F        LDR              r4, =127
   17 00000008 E59F5010        LDR              r5, =0xe45ad
   18 0000000C E59F6010        LDR              r6, =2_10101110010
   19 00000010         
   20 00000010 E0842005        ADD              r2, r4, r5
   21 00000014         
   22 00000014 E0822006        ADD              r2, r2, r6
   23 00000018         
   24 00000018         ;*******************************************************
                       *****************
   25 00000018         ;
   26 00000018         ; an infinite loop because the processor continues to fe
                       tch instructions
   27 00000018 EAFFFFFE 
                       stop    BAL              stop
   28 0000001C                 END                          ;END directive to s
                                                            how nothing more in
                                                             file
              40001000 
              000E45AD 
              00000572 
Command Line: --debug --xref --diag_suppress=9931 --apcs=interwork --depend=.\o
bjects\assembly2.d -o.\objects\assembly2.o -IC:\Keil_v5\ARM\RV31\INC -IC:\Keil_
v5\ARM\CMSIS\Include -IC:\Keil_v5\ARM\Inc\Philips --predefine="__EVAL SETA 1" -
-predefine="__UVISION_VERSION SETA 521" --list=.\listings\assembly2.lst Assembl
y2.s



ARM Macro Assembler    Page 1 Alphabetic symbol ordering
Relocatable symbols

Assembly1 00000000

Symbol: Assembly1
   Definitions
      At line 5 in file Assembly2.s
   Uses
      None
Comment: Assembly1 unused
__main 00000000

Symbol: __main
   Definitions
      At line 7 in file Assembly2.s
   Uses
      At line 6 in file Assembly2.s
Comment: __main used once
mystart 00000000

Symbol: mystart
   Definitions
      At line 9 in file Assembly2.s
   Uses
      None
Comment: mystart unused
stop 00000018

Symbol: stop
   Definitions
      At line 27 in file Assembly2.s
   Uses
      At line 27 in file Assembly2.s
Comment: stop used once
4 symbols
338 symbols in table
